<?xml version="1.0" encoding="utf-8"?><resources><string name="title">Title</string><string name="apply">Apply</string><string-array name="country_list"><item>Canada</item><item>Norway</item></string-array><string-array name="flower_list"><item>Rose</item><item>Tulip</item></string-array></resources>