<?xml version="1.0" encoding="utf-8"?><resources><string name="title">표제</string></resources>