<?xml version="1.0" encoding="utf-8"?><resources><string name="title">Title</string></resources>