<?xml version="1.0" encoding="utf-8"?><resources><string-array name="flower_list"><item>Rose_in_Espanol</item><item>Tulip_in_Espanol</item></string-array><plurals name="number_of_cats"><item quantity="two">2 cats_in_Espanol</item><item quantity="other">%d cats_in_Espanol</item></plurals></resources>