<?xml version="1.0" encoding="utf-8"?><resources><string name="title">Title</string><string name="apply">Apply</string><string-array name="country_list"><item>Canada</item><item>Norway</item></string-array><string-array name="flower_list"><item>Rose</item><item>Tulip</item></string-array><plurals name="number_of_cats"><item quantity="two">2 cats</item><item quantity="other">%d cats</item></plurals><plurals name="number_of_songs"><item quantity="one">One song</item><item quantity="other">%d song</item></plurals></resources>