<?xml version="1.0" encoding="utf-8"?><resources><string name="title">Title_in_Espanol</string><string name="apply">Apply_in_Espanol</string><string-array name="country_list"><item>Canada_in_Espanol</item><item>Norway_in_Espanol</item></string-array><string-array name="flower_list"><item>Rose_in_Espanol</item><item>Tulip_in_Espanol</item></string-array><plurals name="number_of_songs"><item quantity="one">One song_in_Espanol</item><item quantity="other">%d song_in_Espanol</item></plurals><plurals name="number_of_cats"><item quantity="two">2 cats_in_Espanol</item><item quantity="other">%d cats_in_Espanol</item></plurals></resources>