<?xml version="1.0" encoding="utf-8"?><resources><string name="title">標題</string></resources>